------------------------------------------------------------
Timing Analyzer Summary
------------------------------------------------------------

Type  : Slow 1100mV 85C Model Setup 'pll|ip_pll_inst|altera_pll_i|general[0].gpll~PLL_OUTPUT_COUNTER|divclk'
Slack : -4.799
TNS   : -4.799

Type  : Slow 1100mV 85C Model Setup 'uc:un_controle|state.q10'
Slack : -3.951
TNS   : -3.951

Type  : Slow 1100mV 85C Model Setup 'BRG:baudrategen|to_clock'
Slack : -2.530
TNS   : -62.226

Type  : Slow 1100mV 85C Model Hold 'BRG:baudrategen|to_clock'
Slack : 0.295
TNS   : 0.000

Type  : Slow 1100mV 85C Model Hold 'pll|ip_pll_inst|altera_pll_i|general[0].gpll~PLL_OUTPUT_COUNTER|divclk'
Slack : 0.450
TNS   : 0.000

Type  : Slow 1100mV 85C Model Hold 'uc:un_controle|state.q10'
Slack : 1.386
TNS   : 0.000

Type  : Slow 1100mV 85C Model Minimum Pulse Width 'BRG:baudrategen|to_clock'
Slack : -0.538
TNS   : -25.501

Type  : Slow 1100mV 85C Model Minimum Pulse Width 'uc:un_controle|state.q10'
Slack : 0.439
TNS   : 0.000

Type  : Slow 1100mV 85C Model Minimum Pulse Width 'pll|ip_pll_inst|altera_pll_i|general[0].gpll~FRACTIONAL_PLL|vcoph[0]'
Slack : 1.458
TNS   : 0.000

Type  : Slow 1100mV 85C Model Minimum Pulse Width 'clock'
Slack : 9.949
TNS   : 0.000

Type  : Slow 1100mV 85C Model Minimum Pulse Width 'pll|ip_pll_inst|altera_pll_i|general[0].gpll~PLL_OUTPUT_COUNTER|divclk'
Slack : 270.555
TNS   : 0.000

Type  : Slow 1100mV 0C Model Setup 'pll|ip_pll_inst|altera_pll_i|general[0].gpll~PLL_OUTPUT_COUNTER|divclk'
Slack : -4.364
TNS   : -4.364

Type  : Slow 1100mV 0C Model Setup 'uc:un_controle|state.q10'
Slack : -3.811
TNS   : -3.811

Type  : Slow 1100mV 0C Model Setup 'BRG:baudrategen|to_clock'
Slack : -2.510
TNS   : -59.977

Type  : Slow 1100mV 0C Model Hold 'BRG:baudrategen|to_clock'
Slack : 0.336
TNS   : 0.000

Type  : Slow 1100mV 0C Model Hold 'pll|ip_pll_inst|altera_pll_i|general[0].gpll~PLL_OUTPUT_COUNTER|divclk'
Slack : 0.455
TNS   : 0.000

Type  : Slow 1100mV 0C Model Hold 'uc:un_controle|state.q10'
Slack : 1.208
TNS   : 0.000

Type  : Slow 1100mV 0C Model Minimum Pulse Width 'BRG:baudrategen|to_clock'
Slack : -0.538
TNS   : -25.363

Type  : Slow 1100mV 0C Model Minimum Pulse Width 'uc:un_controle|state.q10'
Slack : 0.401
TNS   : 0.000

Type  : Slow 1100mV 0C Model Minimum Pulse Width 'pll|ip_pll_inst|altera_pll_i|general[0].gpll~FRACTIONAL_PLL|vcoph[0]'
Slack : 1.458
TNS   : 0.000

Type  : Slow 1100mV 0C Model Minimum Pulse Width 'clock'
Slack : 9.980
TNS   : 0.000

Type  : Slow 1100mV 0C Model Minimum Pulse Width 'pll|ip_pll_inst|altera_pll_i|general[0].gpll~PLL_OUTPUT_COUNTER|divclk'
Slack : 270.463
TNS   : 0.000

Type  : Fast 1100mV 85C Model Setup 'pll|ip_pll_inst|altera_pll_i|general[0].gpll~PLL_OUTPUT_COUNTER|divclk'
Slack : -3.158
TNS   : -3.158

Type  : Fast 1100mV 85C Model Setup 'uc:un_controle|state.q10'
Slack : -1.691
TNS   : -1.691

Type  : Fast 1100mV 85C Model Setup 'BRG:baudrategen|to_clock'
Slack : -1.207
TNS   : -20.458

Type  : Fast 1100mV 85C Model Hold 'BRG:baudrategen|to_clock'
Slack : 0.083
TNS   : 0.000

Type  : Fast 1100mV 85C Model Hold 'pll|ip_pll_inst|altera_pll_i|general[0].gpll~PLL_OUTPUT_COUNTER|divclk'
Slack : 0.204
TNS   : 0.000

Type  : Fast 1100mV 85C Model Hold 'uc:un_controle|state.q10'
Slack : 0.751
TNS   : 0.000

Type  : Fast 1100mV 85C Model Minimum Pulse Width 'BRG:baudrategen|to_clock'
Slack : 0.073
TNS   : 0.000

Type  : Fast 1100mV 85C Model Minimum Pulse Width 'uc:un_controle|state.q10'
Slack : 0.492
TNS   : 0.000

Type  : Fast 1100mV 85C Model Minimum Pulse Width 'pll|ip_pll_inst|altera_pll_i|general[0].gpll~FRACTIONAL_PLL|vcoph[0]'
Slack : 1.458
TNS   : 0.000

Type  : Fast 1100mV 85C Model Minimum Pulse Width 'clock'
Slack : 9.643
TNS   : 0.000

Type  : Fast 1100mV 85C Model Minimum Pulse Width 'pll|ip_pll_inst|altera_pll_i|general[0].gpll~PLL_OUTPUT_COUNTER|divclk'
Slack : 270.807
TNS   : 0.000

Type  : Fast 1100mV 0C Model Setup 'pll|ip_pll_inst|altera_pll_i|general[0].gpll~PLL_OUTPUT_COUNTER|divclk'
Slack : -2.317
TNS   : -2.317

Type  : Fast 1100mV 0C Model Setup 'uc:un_controle|state.q10'
Slack : -1.511
TNS   : -1.511

Type  : Fast 1100mV 0C Model Setup 'BRG:baudrategen|to_clock'
Slack : -1.040
TNS   : -16.628

Type  : Fast 1100mV 0C Model Hold 'BRG:baudrategen|to_clock'
Slack : 0.084
TNS   : 0.000

Type  : Fast 1100mV 0C Model Hold 'pll|ip_pll_inst|altera_pll_i|general[0].gpll~PLL_OUTPUT_COUNTER|divclk'
Slack : 0.192
TNS   : 0.000

Type  : Fast 1100mV 0C Model Hold 'uc:un_controle|state.q10'
Slack : 0.670
TNS   : 0.000

Type  : Fast 1100mV 0C Model Minimum Pulse Width 'BRG:baudrategen|to_clock'
Slack : 0.091
TNS   : 0.000

Type  : Fast 1100mV 0C Model Minimum Pulse Width 'uc:un_controle|state.q10'
Slack : 0.490
TNS   : 0.000

Type  : Fast 1100mV 0C Model Minimum Pulse Width 'pll|ip_pll_inst|altera_pll_i|general[0].gpll~FRACTIONAL_PLL|vcoph[0]'
Slack : 1.458
TNS   : 0.000

Type  : Fast 1100mV 0C Model Minimum Pulse Width 'clock'
Slack : 9.632
TNS   : 0.000

Type  : Fast 1100mV 0C Model Minimum Pulse Width 'pll|ip_pll_inst|altera_pll_i|general[0].gpll~PLL_OUTPUT_COUNTER|divclk'
Slack : 270.800
TNS   : 0.000

------------------------------------------------------------
