Timing Analyzer report for control_unit_tx
Thu Apr 10 12:06:02 2025
Quartus Prime Version 20.1.1 Build 720 11/11/2020 SJ Lite Edition


---------------------
; Table of Contents ;
---------------------
  1. Legal Notice
  2. Timing Analyzer Summary
  3. Parallel Compilation
  4. Clocks
  5. Slow 1100mV 85C Model Fmax Summary
  6. Timing Closure Recommendations
  7. Slow 1100mV 85C Model Setup Summary
  8. Slow 1100mV 85C Model Hold Summary
  9. Slow 1100mV 85C Model Recovery Summary
 10. Slow 1100mV 85C Model Removal Summary
 11. Slow 1100mV 85C Model Minimum Pulse Width Summary
 12. Slow 1100mV 85C Model Metastability Summary
 13. Slow 1100mV 0C Model Fmax Summary
 14. Slow 1100mV 0C Model Setup Summary
 15. Slow 1100mV 0C Model Hold Summary
 16. Slow 1100mV 0C Model Recovery Summary
 17. Slow 1100mV 0C Model Removal Summary
 18. Slow 1100mV 0C Model Minimum Pulse Width Summary
 19. Slow 1100mV 0C Model Metastability Summary
 20. Fast 1100mV 85C Model Setup Summary
 21. Fast 1100mV 85C Model Hold Summary
 22. Fast 1100mV 85C Model Recovery Summary
 23. Fast 1100mV 85C Model Removal Summary
 24. Fast 1100mV 85C Model Minimum Pulse Width Summary
 25. Fast 1100mV 85C Model Metastability Summary
 26. Fast 1100mV 0C Model Setup Summary
 27. Fast 1100mV 0C Model Hold Summary
 28. Fast 1100mV 0C Model Recovery Summary
 29. Fast 1100mV 0C Model Removal Summary
 30. Fast 1100mV 0C Model Minimum Pulse Width Summary
 31. Fast 1100mV 0C Model Metastability Summary
 32. Multicorner Timing Analysis Summary
 33. Board Trace Model Assignments
 34. Input Transition Times
 35. Signal Integrity Metrics (Slow 1100mv 0c Model)
 36. Signal Integrity Metrics (Slow 1100mv 85c Model)
 37. Signal Integrity Metrics (Fast 1100mv 0c Model)
 38. Signal Integrity Metrics (Fast 1100mv 85c Model)
 39. Setup Transfers
 40. Hold Transfers
 41. Recovery Transfers
 42. Removal Transfers
 43. Report TCCS
 44. Report RSKM
 45. Unconstrained Paths Summary
 46. Clock Status Summary
 47. Unconstrained Input Ports
 48. Unconstrained Output Ports
 49. Unconstrained Input Ports
 50. Unconstrained Output Ports
 51. Timing Analyzer Messages



----------------
; Legal Notice ;
----------------
Copyright (C) 2020  Intel Corporation. All rights reserved.
Your use of Intel Corporation's design tools, logic functions 
and other software and tools, and any partner logic 
functions, and any output files from any of the foregoing 
(including device programming or simulation files), and any 
associated documentation or information are expressly subject 
to the terms and conditions of the Intel Program License 
Subscription Agreement, the Intel Quartus Prime License Agreement,
the Intel FPGA IP License Agreement, or other applicable license
agreement, including, without limitation, that your use is for
the sole purpose of programming logic devices manufactured by
Intel and sold by Intel or its authorized distributors.  Please
refer to the applicable agreement for further details, at
https://fpgasoftware.intel.com/eula.



+-----------------------------------------------------------------------------+
; Timing Analyzer Summary                                                     ;
+-----------------------+-----------------------------------------------------+
; Quartus Prime Version ; Version 20.1.1 Build 720 11/11/2020 SJ Lite Edition ;
; Timing Analyzer       ; Legacy Timing Analyzer                              ;
; Revision Name         ; control_unit_tx                                     ;
; Device Family         ; Cyclone V                                           ;
; Device Name           ; 5CEFA4F23C7                                         ;
; Timing Models         ; Final                                               ;
; Delay Model           ; Combined                                            ;
; Rise/Fall Delays      ; Enabled                                             ;
+-----------------------+-----------------------------------------------------+


+------------------------------------------+
; Parallel Compilation                     ;
+----------------------------+-------------+
; Processors                 ; Number      ;
+----------------------------+-------------+
; Number detected on machine ; 8           ;
; Maximum allowed            ; 4           ;
;                            ;             ;
; Average used               ; 1.08        ;
; Maximum used               ; 4           ;
;                            ;             ;
; Usage by Processor         ; % Time Used ;
;     Processor 1            ; 100.0%      ;
;     Processor 2            ;   2.6%      ;
;     Processor 3            ;   2.5%      ;
;     Processor 4            ;   2.5%      ;
+----------------------------+-------------+


+---------------------------------------------------------------------------------------------------------------------------------------------------------------------------------------------------------------------------------------------------------------------------------------------------------------------------------------------------------------------------------------------------------------------------------------------------------+
; Clocks                                                                                                                                                                                                                                                                                                                                                                                                                                                  ;
+------------------------------------------------------------------------+-----------+---------+------------+-------+---------+------------+-----------+-------------+-------+--------+-----------+------------+----------+----------------------------------------------------------------------+---------------------------------------------------------------------------+----------------------------------------------------------------------------+
; Clock Name                                                             ; Type      ; Period  ; Frequency  ; Rise  ; Fall    ; Duty Cycle ; Divide by ; Multiply by ; Phase ; Offset ; Edge List ; Edge Shift ; Inverted ; Master                                                               ; Source                                                                    ; Targets                                                                    ;
+------------------------------------------------------------------------+-----------+---------+------------+-------+---------+------------+-----------+-------------+-------+--------+-----------+------------+----------+----------------------------------------------------------------------+---------------------------------------------------------------------------+----------------------------------------------------------------------------+
; baud_rate_generator:BGR|out_clock                                      ; Base      ; 1.000   ; 1000.0 MHz ; 0.000 ; 0.500   ;            ;           ;             ;       ;        ;           ;            ;          ;                                                                      ;                                                                           ; { baud_rate_generator:BGR|out_clock }                                      ;
; baud_rate_generator:super|out_clock                                    ; Base      ; 1.000   ; 1000.0 MHz ; 0.000 ; 0.500   ;            ;           ;             ;       ;        ;           ;            ;          ;                                                                      ;                                                                           ; { baud_rate_generator:super|out_clock }                                    ;
; clock                                                                  ; Base      ; 20.000  ; 50.0 MHz   ; 0.000 ; 10.000  ;            ;           ;             ;       ;        ;           ;            ;          ;                                                                      ;                                                                           ; { clock }                                                                  ;
; pll|ip_pll_inst|altera_pll_i|general[0].gpll~FRACTIONAL_PLL|vcoph[0]   ; Generated ; 2.916   ; 342.86 MHz ; 0.000 ; 1.458   ; 50.00      ; 7         ; 48          ;       ;        ;           ;            ; false    ; clock                                                                ; pll|ip_pll_inst|altera_pll_i|general[0].gpll~FRACTIONAL_PLL|refclkin      ; { pll|ip_pll_inst|altera_pll_i|general[0].gpll~FRACTIONAL_PLL|vcoph[0] }   ;
; pll|ip_pll_inst|altera_pll_i|general[0].gpll~PLL_OUTPUT_COUNTER|divclk ; Generated ; 542.500 ; 1.84 MHz   ; 0.000 ; 271.250 ; 50.00      ; 186       ; 1           ;       ;        ;           ;            ; false    ; pll|ip_pll_inst|altera_pll_i|general[0].gpll~FRACTIONAL_PLL|vcoph[0] ; pll|ip_pll_inst|altera_pll_i|general[0].gpll~PLL_OUTPUT_COUNTER|vco0ph[0] ; { pll|ip_pll_inst|altera_pll_i|general[0].gpll~PLL_OUTPUT_COUNTER|divclk } ;
+------------------------------------------------------------------------+-----------+---------+------------+-------+---------+------------+-----------+-------------+-------+--------+-----------+------------+----------+----------------------------------------------------------------------+---------------------------------------------------------------------------+----------------------------------------------------------------------------+


+--------------------------------------------------------------------------------------------------------------+
; Slow 1100mV 85C Model Fmax Summary                                                                           ;
+------------+-----------------+------------------------------------------------------------------------+------+
; Fmax       ; Restricted Fmax ; Clock Name                                                             ; Note ;
+------------+-----------------+------------------------------------------------------------------------+------+
; 129.43 MHz ; 129.43 MHz      ; pll|ip_pll_inst|altera_pll_i|general[0].gpll~PLL_OUTPUT_COUNTER|divclk ;      ;
; 165.67 MHz ; 165.67 MHz      ; baud_rate_generator:super|out_clock                                    ;      ;
; 255.1 MHz  ; 255.1 MHz       ; baud_rate_generator:BGR|out_clock                                      ;      ;
+------------+-----------------+------------------------------------------------------------------------+------+
This panel reports FMAX for every clock in the design, regardless of the user-specified clock periods.  FMAX is only computed for paths where the source and destination registers or ports are driven by the same clock.  Paths of different clocks, including generated clocks, are ignored.  For paths between a clock and its inversion, FMAX is computed as if the rising and falling edges are scaled along with FMAX, such that the duty cycle (in terms of a percentage) is maintained. Altera recommends that you always use clock constraints and other slack reports for sign-off analysis.


----------------------------------
; Timing Closure Recommendations ;
----------------------------------
HTML report is unavailable in plain text report export.


+-------------------------------------------------------------------------------------------------+
; Slow 1100mV 85C Model Setup Summary                                                             ;
+------------------------------------------------------------------------+--------+---------------+
; Clock                                                                  ; Slack  ; End Point TNS ;
+------------------------------------------------------------------------+--------+---------------+
; pll|ip_pll_inst|altera_pll_i|general[0].gpll~PLL_OUTPUT_COUNTER|divclk ; -4.377 ; -4.377        ;
; baud_rate_generator:BGR|out_clock                                      ; -2.920 ; -63.330       ;
; baud_rate_generator:super|out_clock                                    ; -2.518 ; -45.858       ;
+------------------------------------------------------------------------+--------+---------------+


+------------------------------------------------------------------------------------------------+
; Slow 1100mV 85C Model Hold Summary                                                             ;
+------------------------------------------------------------------------+-------+---------------+
; Clock                                                                  ; Slack ; End Point TNS ;
+------------------------------------------------------------------------+-------+---------------+
; baud_rate_generator:BGR|out_clock                                      ; 0.287 ; 0.000         ;
; pll|ip_pll_inst|altera_pll_i|general[0].gpll~PLL_OUTPUT_COUNTER|divclk ; 0.452 ; 0.000         ;
; baud_rate_generator:super|out_clock                                    ; 0.475 ; 0.000         ;
+------------------------------------------------------------------------+-------+---------------+


+--------------------------------------------------------------+
; Slow 1100mV 85C Model Recovery Summary                       ;
+-------------------------------------+--------+---------------+
; Clock                               ; Slack  ; End Point TNS ;
+-------------------------------------+--------+---------------+
; baud_rate_generator:super|out_clock ; -1.440 ; -10.066       ;
+-------------------------------------+--------+---------------+


+-------------------------------------------------------------+
; Slow 1100mV 85C Model Removal Summary                       ;
+-------------------------------------+-------+---------------+
; Clock                               ; Slack ; End Point TNS ;
+-------------------------------------+-------+---------------+
; baud_rate_generator:super|out_clock ; 0.755 ; 0.000         ;
+-------------------------------------+-------+---------------+


+--------------------------------------------------------------------------------------------------+
; Slow 1100mV 85C Model Minimum Pulse Width Summary                                                ;
+------------------------------------------------------------------------+---------+---------------+
; Clock                                                                  ; Slack   ; End Point TNS ;
+------------------------------------------------------------------------+---------+---------------+
; baud_rate_generator:super|out_clock                                    ; -0.538  ; -21.436       ;
; baud_rate_generator:BGR|out_clock                                      ; -0.538  ; -20.019       ;
; pll|ip_pll_inst|altera_pll_i|general[0].gpll~FRACTIONAL_PLL|vcoph[0]   ; 1.458   ; 0.000         ;
; clock                                                                  ; 9.949   ; 0.000         ;
; pll|ip_pll_inst|altera_pll_i|general[0].gpll~PLL_OUTPUT_COUNTER|divclk ; 270.566 ; 0.000         ;
+------------------------------------------------------------------------+---------+---------------+


-----------------------------------------------
; Slow 1100mV 85C Model Metastability Summary ;
-----------------------------------------------
No synchronizer chains to report.


+--------------------------------------------------------------------------------------------------------------+
; Slow 1100mV 0C Model Fmax Summary                                                                            ;
+------------+-----------------+------------------------------------------------------------------------+------+
; Fmax       ; Restricted Fmax ; Clock Name                                                             ; Note ;
+------------+-----------------+------------------------------------------------------------------------+------+
; 131.16 MHz ; 131.16 MHz      ; pll|ip_pll_inst|altera_pll_i|general[0].gpll~PLL_OUTPUT_COUNTER|divclk ;      ;
; 162.5 MHz  ; 162.5 MHz       ; baud_rate_generator:super|out_clock                                    ;      ;
; 256.74 MHz ; 256.74 MHz      ; baud_rate_generator:BGR|out_clock                                      ;      ;
+------------+-----------------+------------------------------------------------------------------------+------+
This panel reports FMAX for every clock in the design, regardless of the user-specified clock periods.  FMAX is only computed for paths where the source and destination registers or ports are driven by the same clock.  Paths of different clocks, including generated clocks, are ignored.  For paths between a clock and its inversion, FMAX is computed as if the rising and falling edges are scaled along with FMAX, such that the duty cycle (in terms of a percentage) is maintained. Altera recommends that you always use clock constraints and other slack reports for sign-off analysis.


+-------------------------------------------------------------------------------------------------+
; Slow 1100mV 0C Model Setup Summary                                                              ;
+------------------------------------------------------------------------+--------+---------------+
; Clock                                                                  ; Slack  ; End Point TNS ;
+------------------------------------------------------------------------+--------+---------------+
; pll|ip_pll_inst|altera_pll_i|general[0].gpll~PLL_OUTPUT_COUNTER|divclk ; -3.826 ; -3.826        ;
; baud_rate_generator:BGR|out_clock                                      ; -2.895 ; -62.630       ;
; baud_rate_generator:super|out_clock                                    ; -2.577 ; -45.205       ;
+------------------------------------------------------------------------+--------+---------------+


+-------------------------------------------------------------------------------------------------+
; Slow 1100mV 0C Model Hold Summary                                                               ;
+------------------------------------------------------------------------+--------+---------------+
; Clock                                                                  ; Slack  ; End Point TNS ;
+------------------------------------------------------------------------+--------+---------------+
; pll|ip_pll_inst|altera_pll_i|general[0].gpll~PLL_OUTPUT_COUNTER|divclk ; -0.019 ; -0.019        ;
; baud_rate_generator:BGR|out_clock                                      ; 0.377  ; 0.000         ;
; baud_rate_generator:super|out_clock                                    ; 0.487  ; 0.000         ;
+------------------------------------------------------------------------+--------+---------------+


+--------------------------------------------------------------+
; Slow 1100mV 0C Model Recovery Summary                        ;
+-------------------------------------+--------+---------------+
; Clock                               ; Slack  ; End Point TNS ;
+-------------------------------------+--------+---------------+
; baud_rate_generator:super|out_clock ; -1.257 ; -8.781        ;
+-------------------------------------+--------+---------------+


+-------------------------------------------------------------+
; Slow 1100mV 0C Model Removal Summary                        ;
+-------------------------------------+-------+---------------+
; Clock                               ; Slack ; End Point TNS ;
+-------------------------------------+-------+---------------+
; baud_rate_generator:super|out_clock ; 0.700 ; 0.000         ;
+-------------------------------------+-------+---------------+


+--------------------------------------------------------------------------------------------------+
; Slow 1100mV 0C Model Minimum Pulse Width Summary                                                 ;
+------------------------------------------------------------------------+---------+---------------+
; Clock                                                                  ; Slack   ; End Point TNS ;
+------------------------------------------------------------------------+---------+---------------+
; baud_rate_generator:super|out_clock                                    ; -0.538  ; -21.431       ;
; baud_rate_generator:BGR|out_clock                                      ; -0.538  ; -18.657       ;
; pll|ip_pll_inst|altera_pll_i|general[0].gpll~FRACTIONAL_PLL|vcoph[0]   ; 1.458   ; 0.000         ;
; clock                                                                  ; 9.980   ; 0.000         ;
; pll|ip_pll_inst|altera_pll_i|general[0].gpll~PLL_OUTPUT_COUNTER|divclk ; 270.471 ; 0.000         ;
+------------------------------------------------------------------------+---------+---------------+


----------------------------------------------
; Slow 1100mV 0C Model Metastability Summary ;
----------------------------------------------
No synchronizer chains to report.


+-------------------------------------------------------------------------------------------------+
; Fast 1100mV 85C Model Setup Summary                                                             ;
+------------------------------------------------------------------------+--------+---------------+
; Clock                                                                  ; Slack  ; End Point TNS ;
+------------------------------------------------------------------------+--------+---------------+
; pll|ip_pll_inst|altera_pll_i|general[0].gpll~PLL_OUTPUT_COUNTER|divclk ; -3.048 ; -3.048        ;
; baud_rate_generator:super|out_clock                                    ; -1.204 ; -16.646       ;
; baud_rate_generator:BGR|out_clock                                      ; -1.064 ; -19.150       ;
+------------------------------------------------------------------------+--------+---------------+


+------------------------------------------------------------------------------------------------+
; Fast 1100mV 85C Model Hold Summary                                                             ;
+------------------------------------------------------------------------+-------+---------------+
; Clock                                                                  ; Slack ; End Point TNS ;
+------------------------------------------------------------------------+-------+---------------+
; baud_rate_generator:BGR|out_clock                                      ; 0.121 ; 0.000         ;
; baud_rate_generator:super|out_clock                                    ; 0.125 ; 0.000         ;
; pll|ip_pll_inst|altera_pll_i|general[0].gpll~PLL_OUTPUT_COUNTER|divclk ; 0.204 ; 0.000         ;
+------------------------------------------------------------------------+-------+---------------+


+--------------------------------------------------------------+
; Fast 1100mV 85C Model Recovery Summary                       ;
+-------------------------------------+--------+---------------+
; Clock                               ; Slack  ; End Point TNS ;
+-------------------------------------+--------+---------------+
; baud_rate_generator:super|out_clock ; -0.484 ; -3.386        ;
+-------------------------------------+--------+---------------+


+-------------------------------------------------------------+
; Fast 1100mV 85C Model Removal Summary                       ;
+-------------------------------------+-------+---------------+
; Clock                               ; Slack ; End Point TNS ;
+-------------------------------------+-------+---------------+
; baud_rate_generator:super|out_clock ; 0.280 ; 0.000         ;
+-------------------------------------+-------+---------------+


+--------------------------------------------------------------------------------------------------+
; Fast 1100mV 85C Model Minimum Pulse Width Summary                                                ;
+------------------------------------------------------------------------+---------+---------------+
; Clock                                                                  ; Slack   ; End Point TNS ;
+------------------------------------------------------------------------+---------+---------------+
; baud_rate_generator:super|out_clock                                    ; 0.006   ; 0.000         ;
; baud_rate_generator:BGR|out_clock                                      ; 0.117   ; 0.000         ;
; pll|ip_pll_inst|altera_pll_i|general[0].gpll~FRACTIONAL_PLL|vcoph[0]   ; 1.458   ; 0.000         ;
; clock                                                                  ; 9.643   ; 0.000         ;
; pll|ip_pll_inst|altera_pll_i|general[0].gpll~PLL_OUTPUT_COUNTER|divclk ; 270.813 ; 0.000         ;
+------------------------------------------------------------------------+---------+---------------+


-----------------------------------------------
; Fast 1100mV 85C Model Metastability Summary ;
-----------------------------------------------
No synchronizer chains to report.


+-------------------------------------------------------------------------------------------------+
; Fast 1100mV 0C Model Setup Summary                                                              ;
+------------------------------------------------------------------------+--------+---------------+
; Clock                                                                  ; Slack  ; End Point TNS ;
+------------------------------------------------------------------------+--------+---------------+
; pll|ip_pll_inst|altera_pll_i|general[0].gpll~PLL_OUTPUT_COUNTER|divclk ; -2.217 ; -2.217        ;
; baud_rate_generator:super|out_clock                                    ; -1.107 ; -14.312       ;
; baud_rate_generator:BGR|out_clock                                      ; -0.913 ; -16.725       ;
+------------------------------------------------------------------------+--------+---------------+


+-------------------------------------------------------------------------------------------------+
; Fast 1100mV 0C Model Hold Summary                                                               ;
+------------------------------------------------------------------------+--------+---------------+
; Clock                                                                  ; Slack  ; End Point TNS ;
+------------------------------------------------------------------------+--------+---------------+
; pll|ip_pll_inst|altera_pll_i|general[0].gpll~PLL_OUTPUT_COUNTER|divclk ; -0.023 ; -0.023        ;
; baud_rate_generator:BGR|out_clock                                      ; 0.120  ; 0.000         ;
; baud_rate_generator:super|out_clock                                    ; 0.133  ; 0.000         ;
+------------------------------------------------------------------------+--------+---------------+


+--------------------------------------------------------------+
; Fast 1100mV 0C Model Recovery Summary                        ;
+-------------------------------------+--------+---------------+
; Clock                               ; Slack  ; End Point TNS ;
+-------------------------------------+--------+---------------+
; baud_rate_generator:super|out_clock ; -0.425 ; -2.970        ;
+-------------------------------------+--------+---------------+


+-------------------------------------------------------------+
; Fast 1100mV 0C Model Removal Summary                        ;
+-------------------------------------+-------+---------------+
; Clock                               ; Slack ; End Point TNS ;
+-------------------------------------+-------+---------------+
; baud_rate_generator:super|out_clock ; 0.261 ; 0.000         ;
+-------------------------------------+-------+---------------+


+--------------------------------------------------------------------------------------------------+
; Fast 1100mV 0C Model Minimum Pulse Width Summary                                                 ;
+------------------------------------------------------------------------+---------+---------------+
; Clock                                                                  ; Slack   ; End Point TNS ;
+------------------------------------------------------------------------+---------+---------------+
; baud_rate_generator:super|out_clock                                    ; 0.038   ; 0.000         ;
; baud_rate_generator:BGR|out_clock                                      ; 0.140   ; 0.000         ;
; pll|ip_pll_inst|altera_pll_i|general[0].gpll~FRACTIONAL_PLL|vcoph[0]   ; 1.458   ; 0.000         ;
; clock                                                                  ; 9.632   ; 0.000         ;
; pll|ip_pll_inst|altera_pll_i|general[0].gpll~PLL_OUTPUT_COUNTER|divclk ; 270.804 ; 0.000         ;
+------------------------------------------------------------------------+---------+---------------+


----------------------------------------------
; Fast 1100mV 0C Model Metastability Summary ;
----------------------------------------------
No synchronizer chains to report.


+----------------------------------------------------------------------------------------------------------------------------------------+
; Multicorner Timing Analysis Summary                                                                                                    ;
+-------------------------------------------------------------------------+----------+--------+----------+---------+---------------------+
; Clock                                                                   ; Setup    ; Hold   ; Recovery ; Removal ; Minimum Pulse Width ;
+-------------------------------------------------------------------------+----------+--------+----------+---------+---------------------+
; Worst-case Slack                                                        ; -4.377   ; -0.023 ; -1.440   ; 0.261   ; -0.538              ;
;  baud_rate_generator:BGR|out_clock                                      ; -2.920   ; 0.120  ; N/A      ; N/A     ; -0.538              ;
;  baud_rate_generator:super|out_clock                                    ; -2.577   ; 0.125  ; -1.440   ; 0.261   ; -0.538              ;
;  clock                                                                  ; N/A      ; N/A    ; N/A      ; N/A     ; 9.632               ;
;  pll|ip_pll_inst|altera_pll_i|general[0].gpll~FRACTIONAL_PLL|vcoph[0]   ; N/A      ; N/A    ; N/A      ; N/A     ; 1.458               ;
;  pll|ip_pll_inst|altera_pll_i|general[0].gpll~PLL_OUTPUT_COUNTER|divclk ; -4.377   ; -0.023 ; N/A      ; N/A     ; 270.471             ;
; Design-wide TNS                                                         ; -113.565 ; -0.023 ; -10.066  ; 0.0     ; -41.455             ;
;  baud_rate_generator:BGR|out_clock                                      ; -63.330  ; 0.000  ; N/A      ; N/A     ; -20.019             ;
;  baud_rate_generator:super|out_clock                                    ; -45.858  ; 0.000  ; -10.066  ; 0.000   ; -21.436             ;
;  clock                                                                  ; N/A      ; N/A    ; N/A      ; N/A     ; 0.000               ;
;  pll|ip_pll_inst|altera_pll_i|general[0].gpll~FRACTIONAL_PLL|vcoph[0]   ; N/A      ; N/A    ; N/A      ; N/A     ; 0.000               ;
;  pll|ip_pll_inst|altera_pll_i|general[0].gpll~PLL_OUTPUT_COUNTER|divclk ; -4.377   ; -0.023 ; N/A      ; N/A     ; 0.000               ;
+-------------------------------------------------------------------------+----------+--------+----------+---------+---------------------+


+--------------------------------------------------------------------------------------------------------------------------------------------------------------------------------------------------------------------------------------------------------------------------------------------------------------------------------------------------------------------------------------------------------------+
; Board Trace Model Assignments                                                                                                                                                                                                                                                                                                                                                                                ;
+-----------+--------------+-------------------+-------------------------+-------------------------+---------------+---------------------+----------------+------------------+--------+------------------+------------------------+------------------------+--------------+---------------+-----------------+-------+---------------------+--------------------+---------------+-----------------+-------------+
; Pin       ; I/O Standard ; Near Tline Length ; Near Tline L per Length ; Near Tline C per Length ; Near Series R ; Near Differential R ; Near Pull-up R ; Near Pull-down R ; Near C ; Far Tline Length ; Far Tline L per Length ; Far Tline C per Length ; Far Series R ; Far Pull-up R ; Far Pull-down R ; Far C ; Termination Voltage ; Far Differential R ; EBD File Name ; EBD Signal Name ; EBD Far-end ;
+-----------+--------------+-------------------+-------------------------+-------------------------+---------------+---------------------+----------------+------------------+--------+------------------+------------------------+------------------------+--------------+---------------+-----------------+-------+---------------------+--------------------+---------------+-----------------+-------------+
; sout      ; 2.5 V        ; 0 in              ; 0 H/in                  ; 0 F/in                  ; short         ; -                   ; open           ; open             ; open   ; 0 in             ; 0 H/in                 ; 0 F/in                 ; short        ; open          ; open            ; open  ; 0 V                 ; -                  ; n/a           ; n/a             ; n/a         ;
; out_clock ; 2.5 V        ; 0 in              ; 0 H/in                  ; 0 F/in                  ; short         ; -                   ; open           ; open             ; open   ; 0 in             ; 0 H/in                 ; 0 F/in                 ; short        ; open          ; open            ; open  ; 0 V                 ; -                  ; n/a           ; n/a             ; n/a         ;
+-----------+--------------+-------------------+-------------------------+-------------------------+---------------+---------------------+----------------+------------------+--------+------------------+------------------------+------------------------+--------------+---------------+-----------------+-------+---------------------+--------------------+---------------+-----------------+-------------+


+-------------------------------------------------------------+
; Input Transition Times                                      ;
+----------+--------------+-----------------+-----------------+
; Pin      ; I/O Standard ; 10-90 Rise Time ; 90-10 Fall Time ;
+----------+--------------+-----------------+-----------------+
; dados[0] ; 2.5 V        ; 2000 ps         ; 2000 ps         ;
; reset    ; 2.5 V        ; 2000 ps         ; 2000 ps         ;
; dados[5] ; 2.5 V        ; 2000 ps         ; 2000 ps         ;
; dados[6] ; 2.5 V        ; 2000 ps         ; 2000 ps         ;
; dados[7] ; 2.5 V        ; 2000 ps         ; 2000 ps         ;
; dados[1] ; 2.5 V        ; 2000 ps         ; 2000 ps         ;
; dados[2] ; 2.5 V        ; 2000 ps         ; 2000 ps         ;
; dados[3] ; 2.5 V        ; 2000 ps         ; 2000 ps         ;
; dados[4] ; 2.5 V        ; 2000 ps         ; 2000 ps         ;
; start    ; 2.5 V        ; 2000 ps         ; 2000 ps         ;
; clock    ; 2.5 V        ; 2000 ps         ; 2000 ps         ;
+----------+--------------+-----------------+-----------------+


+----------------------------------------------------------------------------------------------------------------------------------------------------------------------------------------------------------------------------------------------------------------------------------------------------------------------------------------------------------------------------------------------------------------------------------------------------------------------------------------------------------------------------------------------------------------------------------------------------------------------------------------------------------------------------------------+
; Signal Integrity Metrics (Slow 1100mv 0c Model)                                                                                                                                                                                                                                                                                                                                                                                                                                                                                                                                                                                                                                        ;
+-----------+--------------+---------------------+---------------------+------------------------------+------------------------------+---------------------+---------------------+--------------------------------------+--------------------------------------+-----------------------------+-----------------------------+----------------------------+----------------------------+-----------------------------+-----------------------------+--------------------+--------------------+-------------------------------------+-------------------------------------+----------------------------+----------------------------+---------------------------+---------------------------+
; Pin       ; I/O Standard ; Board Delay on Rise ; Board Delay on Fall ; Steady State Voh at FPGA Pin ; Steady State Vol at FPGA Pin ; Voh Max at FPGA Pin ; Vol Min at FPGA Pin ; Ringback Voltage on Rise at FPGA Pin ; Ringback Voltage on Fall at FPGA Pin ; 10-90 Rise Time at FPGA Pin ; 90-10 Fall Time at FPGA Pin ; Monotonic Rise at FPGA Pin ; Monotonic Fall at FPGA Pin ; Steady State Voh at Far-end ; Steady State Vol at Far-end ; Voh Max at Far-end ; Vol Min at Far-end ; Ringback Voltage on Rise at Far-end ; Ringback Voltage on Fall at Far-end ; 10-90 Rise Time at Far-end ; 90-10 Fall Time at Far-end ; Monotonic Rise at Far-end ; Monotonic Fall at Far-end ;
+-----------+--------------+---------------------+---------------------+------------------------------+------------------------------+---------------------+---------------------+--------------------------------------+--------------------------------------+-----------------------------+-----------------------------+----------------------------+----------------------------+-----------------------------+-----------------------------+--------------------+--------------------+-------------------------------------+-------------------------------------+----------------------------+----------------------------+---------------------------+---------------------------+
; sout      ; 2.5 V        ; 0 s                 ; 0 s                 ; 2.32 V                       ; 2.15e-07 V                   ; 2.41 V              ; -0.0495 V           ; 0.18 V                               ; 0.115 V                              ; 4.54e-10 s                  ; 4.44e-10 s                  ; No                         ; Yes                        ; 2.32 V                      ; 2.15e-07 V                  ; 2.41 V             ; -0.0495 V          ; 0.18 V                              ; 0.115 V                             ; 4.54e-10 s                 ; 4.44e-10 s                 ; No                        ; Yes                       ;
; out_clock ; 2.5 V        ; 0 s                 ; 0 s                 ; 2.32 V                       ; 2.15e-07 V                   ; 2.41 V              ; -0.0492 V           ; 0.181 V                              ; 0.116 V                              ; 4.54e-10 s                  ; 4.44e-10 s                  ; No                         ; Yes                        ; 2.32 V                      ; 2.15e-07 V                  ; 2.41 V             ; -0.0492 V          ; 0.181 V                             ; 0.116 V                             ; 4.54e-10 s                 ; 4.44e-10 s                 ; No                        ; Yes                       ;
+-----------+--------------+---------------------+---------------------+------------------------------+------------------------------+---------------------+---------------------+--------------------------------------+--------------------------------------+-----------------------------+-----------------------------+----------------------------+----------------------------+-----------------------------+-----------------------------+--------------------+--------------------+-------------------------------------+-------------------------------------+----------------------------+----------------------------+---------------------------+---------------------------+


+----------------------------------------------------------------------------------------------------------------------------------------------------------------------------------------------------------------------------------------------------------------------------------------------------------------------------------------------------------------------------------------------------------------------------------------------------------------------------------------------------------------------------------------------------------------------------------------------------------------------------------------------------------------------------------------+
; Signal Integrity Metrics (Slow 1100mv 85c Model)                                                                                                                                                                                                                                                                                                                                                                                                                                                                                                                                                                                                                                       ;
+-----------+--------------+---------------------+---------------------+------------------------------+------------------------------+---------------------+---------------------+--------------------------------------+--------------------------------------+-----------------------------+-----------------------------+----------------------------+----------------------------+-----------------------------+-----------------------------+--------------------+--------------------+-------------------------------------+-------------------------------------+----------------------------+----------------------------+---------------------------+---------------------------+
; Pin       ; I/O Standard ; Board Delay on Rise ; Board Delay on Fall ; Steady State Voh at FPGA Pin ; Steady State Vol at FPGA Pin ; Voh Max at FPGA Pin ; Vol Min at FPGA Pin ; Ringback Voltage on Rise at FPGA Pin ; Ringback Voltage on Fall at FPGA Pin ; 10-90 Rise Time at FPGA Pin ; 90-10 Fall Time at FPGA Pin ; Monotonic Rise at FPGA Pin ; Monotonic Fall at FPGA Pin ; Steady State Voh at Far-end ; Steady State Vol at Far-end ; Voh Max at Far-end ; Vol Min at Far-end ; Ringback Voltage on Rise at Far-end ; Ringback Voltage on Fall at Far-end ; 10-90 Rise Time at Far-end ; 90-10 Fall Time at Far-end ; Monotonic Rise at Far-end ; Monotonic Fall at Far-end ;
+-----------+--------------+---------------------+---------------------+------------------------------+------------------------------+---------------------+---------------------+--------------------------------------+--------------------------------------+-----------------------------+-----------------------------+----------------------------+----------------------------+-----------------------------+-----------------------------+--------------------+--------------------+-------------------------------------+-------------------------------------+----------------------------+----------------------------+---------------------------+---------------------------+
; sout      ; 2.5 V        ; 0 s                 ; 0 s                 ; 2.32 V                       ; 2.52e-05 V                   ; 2.38 V              ; -0.0315 V           ; 0.205 V                              ; 0.182 V                              ; 4.74e-10 s                  ; 4.85e-10 s                  ; No                         ; Yes                        ; 2.32 V                      ; 2.52e-05 V                  ; 2.38 V             ; -0.0315 V          ; 0.205 V                             ; 0.182 V                             ; 4.74e-10 s                 ; 4.85e-10 s                 ; No                        ; Yes                       ;
; out_clock ; 2.5 V        ; 0 s                 ; 0 s                 ; 2.32 V                       ; 2.52e-05 V                   ; 2.38 V              ; -0.032 V            ; 0.204 V                              ; 0.181 V                              ; 4.74e-10 s                  ; 4.85e-10 s                  ; No                         ; Yes                        ; 2.32 V                      ; 2.52e-05 V                  ; 2.38 V             ; -0.032 V           ; 0.204 V                             ; 0.181 V                             ; 4.74e-10 s                 ; 4.85e-10 s                 ; No                        ; Yes                       ;
+-----------+--------------+---------------------+---------------------+------------------------------+------------------------------+---------------------+---------------------+--------------------------------------+--------------------------------------+-----------------------------+-----------------------------+----------------------------+----------------------------+-----------------------------+-----------------------------+--------------------+--------------------+-------------------------------------+-------------------------------------+----------------------------+----------------------------+---------------------------+---------------------------+


+----------------------------------------------------------------------------------------------------------------------------------------------------------------------------------------------------------------------------------------------------------------------------------------------------------------------------------------------------------------------------------------------------------------------------------------------------------------------------------------------------------------------------------------------------------------------------------------------------------------------------------------------------------------------------------------+
; Signal Integrity Metrics (Fast 1100mv 0c Model)                                                                                                                                                                                                                                                                                                                                                                                                                                                                                                                                                                                                                                        ;
+-----------+--------------+---------------------+---------------------+------------------------------+------------------------------+---------------------+---------------------+--------------------------------------+--------------------------------------+-----------------------------+-----------------------------+----------------------------+----------------------------+-----------------------------+-----------------------------+--------------------+--------------------+-------------------------------------+-------------------------------------+----------------------------+----------------------------+---------------------------+---------------------------+
; Pin       ; I/O Standard ; Board Delay on Rise ; Board Delay on Fall ; Steady State Voh at FPGA Pin ; Steady State Vol at FPGA Pin ; Voh Max at FPGA Pin ; Vol Min at FPGA Pin ; Ringback Voltage on Rise at FPGA Pin ; Ringback Voltage on Fall at FPGA Pin ; 10-90 Rise Time at FPGA Pin ; 90-10 Fall Time at FPGA Pin ; Monotonic Rise at FPGA Pin ; Monotonic Fall at FPGA Pin ; Steady State Voh at Far-end ; Steady State Vol at Far-end ; Voh Max at Far-end ; Vol Min at Far-end ; Ringback Voltage on Rise at Far-end ; Ringback Voltage on Fall at Far-end ; 10-90 Rise Time at Far-end ; 90-10 Fall Time at Far-end ; Monotonic Rise at Far-end ; Monotonic Fall at Far-end ;
+-----------+--------------+---------------------+---------------------+------------------------------+------------------------------+---------------------+---------------------+--------------------------------------+--------------------------------------+-----------------------------+-----------------------------+----------------------------+----------------------------+-----------------------------+-----------------------------+--------------------+--------------------+-------------------------------------+-------------------------------------+----------------------------+----------------------------+---------------------------+---------------------------+
; sout      ; 2.5 V        ; 0 s                 ; 0 s                 ; 2.75 V                       ; 4.14e-06 V                   ; 2.91 V              ; -0.121 V            ; 0.326 V                              ; 0.297 V                              ; 2.74e-10 s                  ; 2.8e-10 s                   ; No                         ; No                         ; 2.75 V                      ; 4.14e-06 V                  ; 2.91 V             ; -0.121 V           ; 0.326 V                             ; 0.297 V                             ; 2.74e-10 s                 ; 2.8e-10 s                  ; No                        ; No                        ;
; out_clock ; 2.5 V        ; 0 s                 ; 0 s                 ; 2.75 V                       ; 4.14e-06 V                   ; 2.91 V              ; -0.119 V            ; 0.326 V                              ; 0.298 V                              ; 2.74e-10 s                  ; 2.8e-10 s                   ; No                         ; No                         ; 2.75 V                      ; 4.14e-06 V                  ; 2.91 V             ; -0.119 V           ; 0.326 V                             ; 0.298 V                             ; 2.74e-10 s                 ; 2.8e-10 s                  ; No                        ; No                        ;
+-----------+--------------+---------------------+---------------------+------------------------------+------------------------------+---------------------+---------------------+--------------------------------------+--------------------------------------+-----------------------------+-----------------------------+----------------------------+----------------------------+-----------------------------+-----------------------------+--------------------+--------------------+-------------------------------------+-------------------------------------+----------------------------+----------------------------+---------------------------+---------------------------+


+----------------------------------------------------------------------------------------------------------------------------------------------------------------------------------------------------------------------------------------------------------------------------------------------------------------------------------------------------------------------------------------------------------------------------------------------------------------------------------------------------------------------------------------------------------------------------------------------------------------------------------------------------------------------------------------+
; Signal Integrity Metrics (Fast 1100mv 85c Model)                                                                                                                                                                                                                                                                                                                                                                                                                                                                                                                                                                                                                                       ;
+-----------+--------------+---------------------+---------------------+------------------------------+------------------------------+---------------------+---------------------+--------------------------------------+--------------------------------------+-----------------------------+-----------------------------+----------------------------+----------------------------+-----------------------------+-----------------------------+--------------------+--------------------+-------------------------------------+-------------------------------------+----------------------------+----------------------------+---------------------------+---------------------------+
; Pin       ; I/O Standard ; Board Delay on Rise ; Board Delay on Fall ; Steady State Voh at FPGA Pin ; Steady State Vol at FPGA Pin ; Voh Max at FPGA Pin ; Vol Min at FPGA Pin ; Ringback Voltage on Rise at FPGA Pin ; Ringback Voltage on Fall at FPGA Pin ; 10-90 Rise Time at FPGA Pin ; 90-10 Fall Time at FPGA Pin ; Monotonic Rise at FPGA Pin ; Monotonic Fall at FPGA Pin ; Steady State Voh at Far-end ; Steady State Vol at Far-end ; Voh Max at Far-end ; Vol Min at Far-end ; Ringback Voltage on Rise at Far-end ; Ringback Voltage on Fall at Far-end ; 10-90 Rise Time at Far-end ; 90-10 Fall Time at Far-end ; Monotonic Rise at Far-end ; Monotonic Fall at Far-end ;
+-----------+--------------+---------------------+---------------------+------------------------------+------------------------------+---------------------+---------------------+--------------------------------------+--------------------------------------+-----------------------------+-----------------------------+----------------------------+----------------------------+-----------------------------+-----------------------------+--------------------+--------------------+-------------------------------------+-------------------------------------+----------------------------+----------------------------+---------------------------+---------------------------+
; sout      ; 2.5 V        ; 0 s                 ; 0 s                 ; 2.75 V                       ; 0.000242 V                   ; 2.86 V              ; -0.0814 V           ; 0.36 V                               ; 0.156 V                              ; 3e-10 s                     ; 4.34e-10 s                  ; No                         ; No                         ; 2.75 V                      ; 0.000242 V                  ; 2.86 V             ; -0.0814 V          ; 0.36 V                              ; 0.156 V                             ; 3e-10 s                    ; 4.34e-10 s                 ; No                        ; No                        ;
; out_clock ; 2.5 V        ; 0 s                 ; 0 s                 ; 2.75 V                       ; 0.000242 V                   ; 2.86 V              ; -0.0805 V           ; 0.358 V                              ; 0.156 V                              ; 3.01e-10 s                  ; 4.34e-10 s                  ; No                         ; No                         ; 2.75 V                      ; 0.000242 V                  ; 2.86 V             ; -0.0805 V          ; 0.358 V                             ; 0.156 V                             ; 3.01e-10 s                 ; 4.34e-10 s                 ; No                        ; No                        ;
+-----------+--------------+---------------------+---------------------+------------------------------+------------------------------+---------------------+---------------------+--------------------------------------+--------------------------------------+-----------------------------+-----------------------------+----------------------------+----------------------------+-----------------------------+-----------------------------+--------------------+--------------------+-------------------------------------+-------------------------------------+----------------------------+----------------------------+---------------------------+---------------------------+


+---------------------------------------------------------------------------------------------------------------------------------------------------------------------------------------------+
; Setup Transfers                                                                                                                                                                             ;
+------------------------------------------------------------------------+------------------------------------------------------------------------+----------+----------+----------+----------+
; From Clock                                                             ; To Clock                                                               ; RR Paths ; FR Paths ; RF Paths ; FF Paths ;
+------------------------------------------------------------------------+------------------------------------------------------------------------+----------+----------+----------+----------+
; baud_rate_generator:BGR|out_clock                                      ; baud_rate_generator:BGR|out_clock                                      ; 0        ; 0        ; 0        ; 563      ;
; baud_rate_generator:super|out_clock                                    ; baud_rate_generator:BGR|out_clock                                      ; 0        ; 0        ; 1        ; 1        ;
; baud_rate_generator:super|out_clock                                    ; baud_rate_generator:super|out_clock                                    ; 26       ; 15       ; 18       ; 33       ;
; baud_rate_generator:BGR|out_clock                                      ; pll|ip_pll_inst|altera_pll_i|general[0].gpll~PLL_OUTPUT_COUNTER|divclk ; 1        ; 1        ; 0        ; 0        ;
; pll|ip_pll_inst|altera_pll_i|general[0].gpll~PLL_OUTPUT_COUNTER|divclk ; pll|ip_pll_inst|altera_pll_i|general[0].gpll~PLL_OUTPUT_COUNTER|divclk ; 466      ; 0        ; 0        ; 0        ;
+------------------------------------------------------------------------+------------------------------------------------------------------------+----------+----------+----------+----------+
Entries labeled "false path" only account for clock-to-clock false paths and not path-based false paths. As a result, actual path counts may be lower than reported.


+---------------------------------------------------------------------------------------------------------------------------------------------------------------------------------------------+
; Hold Transfers                                                                                                                                                                              ;
+------------------------------------------------------------------------+------------------------------------------------------------------------+----------+----------+----------+----------+
; From Clock                                                             ; To Clock                                                               ; RR Paths ; FR Paths ; RF Paths ; FF Paths ;
+------------------------------------------------------------------------+------------------------------------------------------------------------+----------+----------+----------+----------+
; baud_rate_generator:BGR|out_clock                                      ; baud_rate_generator:BGR|out_clock                                      ; 0        ; 0        ; 0        ; 563      ;
; baud_rate_generator:super|out_clock                                    ; baud_rate_generator:BGR|out_clock                                      ; 0        ; 0        ; 1        ; 1        ;
; baud_rate_generator:super|out_clock                                    ; baud_rate_generator:super|out_clock                                    ; 26       ; 15       ; 18       ; 33       ;
; baud_rate_generator:BGR|out_clock                                      ; pll|ip_pll_inst|altera_pll_i|general[0].gpll~PLL_OUTPUT_COUNTER|divclk ; 1        ; 1        ; 0        ; 0        ;
; pll|ip_pll_inst|altera_pll_i|general[0].gpll~PLL_OUTPUT_COUNTER|divclk ; pll|ip_pll_inst|altera_pll_i|general[0].gpll~PLL_OUTPUT_COUNTER|divclk ; 466      ; 0        ; 0        ; 0        ;
+------------------------------------------------------------------------+------------------------------------------------------------------------+----------+----------+----------+----------+
Entries labeled "false path" only account for clock-to-clock false paths and not path-based false paths. As a result, actual path counts may be lower than reported.


+-----------------------------------------------------------------------------------------------------------------------+
; Recovery Transfers                                                                                                    ;
+-------------------------------------+-------------------------------------+----------+----------+----------+----------+
; From Clock                          ; To Clock                            ; RR Paths ; FR Paths ; RF Paths ; FF Paths ;
+-------------------------------------+-------------------------------------+----------+----------+----------+----------+
; baud_rate_generator:super|out_clock ; baud_rate_generator:super|out_clock ; 0        ; 0        ; 7        ; 0        ;
+-------------------------------------+-------------------------------------+----------+----------+----------+----------+
Entries labeled "false path" only account for clock-to-clock false paths and not path-based false paths. As a result, actual path counts may be lower than reported.


+-----------------------------------------------------------------------------------------------------------------------+
; Removal Transfers                                                                                                     ;
+-------------------------------------+-------------------------------------+----------+----------+----------+----------+
; From Clock                          ; To Clock                            ; RR Paths ; FR Paths ; RF Paths ; FF Paths ;
+-------------------------------------+-------------------------------------+----------+----------+----------+----------+
; baud_rate_generator:super|out_clock ; baud_rate_generator:super|out_clock ; 0        ; 0        ; 7        ; 0        ;
+-------------------------------------+-------------------------------------+----------+----------+----------+----------+
Entries labeled "false path" only account for clock-to-clock false paths and not path-based false paths. As a result, actual path counts may be lower than reported.


---------------
; Report TCCS ;
---------------
No dedicated SERDES Transmitter circuitry present in device or used in design


---------------
; Report RSKM ;
---------------
No non-DPA dedicated SERDES Receiver circuitry present in device or used in design


+------------------------------------------------+
; Unconstrained Paths Summary                    ;
+---------------------------------+-------+------+
; Property                        ; Setup ; Hold ;
+---------------------------------+-------+------+
; Illegal Clocks                  ; 0     ; 0    ;
; Unconstrained Clocks            ; 0     ; 0    ;
; Unconstrained Input Ports       ; 10    ; 10   ;
; Unconstrained Input Port Paths  ; 80    ; 80   ;
; Unconstrained Output Ports      ; 2     ; 2    ;
; Unconstrained Output Port Paths ; 2     ; 2    ;
+---------------------------------+-------+------+


+---------------------------------------------------------------------------------------------------------------------------------------------------------------------------+
; Clock Status Summary                                                                                                                                                      ;
+------------------------------------------------------------------------+------------------------------------------------------------------------+-----------+-------------+
; Target                                                                 ; Clock                                                                  ; Type      ; Status      ;
+------------------------------------------------------------------------+------------------------------------------------------------------------+-----------+-------------+
; baud_rate_generator:BGR|out_clock                                      ; baud_rate_generator:BGR|out_clock                                      ; Base      ; Constrained ;
; baud_rate_generator:super|out_clock                                    ; baud_rate_generator:super|out_clock                                    ; Base      ; Constrained ;
; clock                                                                  ; clock                                                                  ; Base      ; Constrained ;
; pll|ip_pll_inst|altera_pll_i|general[0].gpll~FRACTIONAL_PLL|vcoph[0]   ; pll|ip_pll_inst|altera_pll_i|general[0].gpll~FRACTIONAL_PLL|vcoph[0]   ; Generated ; Constrained ;
; pll|ip_pll_inst|altera_pll_i|general[0].gpll~PLL_OUTPUT_COUNTER|divclk ; pll|ip_pll_inst|altera_pll_i|general[0].gpll~PLL_OUTPUT_COUNTER|divclk ; Generated ; Constrained ;
+------------------------------------------------------------------------+------------------------------------------------------------------------+-----------+-------------+


+---------------------------------------------------------------------------------------------------+
; Unconstrained Input Ports                                                                         ;
+------------+--------------------------------------------------------------------------------------+
; Input Port ; Comment                                                                              ;
+------------+--------------------------------------------------------------------------------------+
; dados[0]   ; No input delay, min/max delays, false-path exceptions, or max skew assignments found ;
; dados[1]   ; No input delay, min/max delays, false-path exceptions, or max skew assignments found ;
; dados[2]   ; No input delay, min/max delays, false-path exceptions, or max skew assignments found ;
; dados[3]   ; No input delay, min/max delays, false-path exceptions, or max skew assignments found ;
; dados[4]   ; No input delay, min/max delays, false-path exceptions, or max skew assignments found ;
; dados[5]   ; No input delay, min/max delays, false-path exceptions, or max skew assignments found ;
; dados[6]   ; No input delay, min/max delays, false-path exceptions, or max skew assignments found ;
; dados[7]   ; No input delay, min/max delays, false-path exceptions, or max skew assignments found ;
; reset      ; No input delay, min/max delays, false-path exceptions, or max skew assignments found ;
; start      ; No input delay, min/max delays, false-path exceptions, or max skew assignments found ;
+------------+--------------------------------------------------------------------------------------+


+-----------------------------------------------------------------------------------------------------+
; Unconstrained Output Ports                                                                          ;
+-------------+---------------------------------------------------------------------------------------+
; Output Port ; Comment                                                                               ;
+-------------+---------------------------------------------------------------------------------------+
; out_clock   ; No output delay, min/max delays, false-path exceptions, or max skew assignments found ;
; sout        ; No output delay, min/max delays, false-path exceptions, or max skew assignments found ;
+-------------+---------------------------------------------------------------------------------------+


+---------------------------------------------------------------------------------------------------+
; Unconstrained Input Ports                                                                         ;
+------------+--------------------------------------------------------------------------------------+
; Input Port ; Comment                                                                              ;
+------------+--------------------------------------------------------------------------------------+
; dados[0]   ; No input delay, min/max delays, false-path exceptions, or max skew assignments found ;
; dados[1]   ; No input delay, min/max delays, false-path exceptions, or max skew assignments found ;
; dados[2]   ; No input delay, min/max delays, false-path exceptions, or max skew assignments found ;
; dados[3]   ; No input delay, min/max delays, false-path exceptions, or max skew assignments found ;
; dados[4]   ; No input delay, min/max delays, false-path exceptions, or max skew assignments found ;
; dados[5]   ; No input delay, min/max delays, false-path exceptions, or max skew assignments found ;
; dados[6]   ; No input delay, min/max delays, false-path exceptions, or max skew assignments found ;
; dados[7]   ; No input delay, min/max delays, false-path exceptions, or max skew assignments found ;
; reset      ; No input delay, min/max delays, false-path exceptions, or max skew assignments found ;
; start      ; No input delay, min/max delays, false-path exceptions, or max skew assignments found ;
+------------+--------------------------------------------------------------------------------------+


+-----------------------------------------------------------------------------------------------------+
; Unconstrained Output Ports                                                                          ;
+-------------+---------------------------------------------------------------------------------------+
; Output Port ; Comment                                                                               ;
+-------------+---------------------------------------------------------------------------------------+
; out_clock   ; No output delay, min/max delays, false-path exceptions, or max skew assignments found ;
; sout        ; No output delay, min/max delays, false-path exceptions, or max skew assignments found ;
+-------------+---------------------------------------------------------------------------------------+


+--------------------------+
; Timing Analyzer Messages ;
+--------------------------+
Info: *******************************************************************
Info: Running Quartus Prime Timing Analyzer
    Info: Version 20.1.1 Build 720 11/11/2020 SJ Lite Edition
    Info: Processing started: Thu Apr 10 12:05:55 2025
Info: Command: quartus_sta control_unit_tx -c control_unit_tx
Info: qsta_default_script.tcl version: #1
Warning (18236): Number of processors has not been specified which may cause overloading on shared machines.  Set the global assignment NUM_PARALLEL_PROCESSORS in your QSF to an appropriate value for best performance.
Info (20030): Parallel compilation is enabled and will use 4 of the 4 processors detected
Info (21077): Low junction temperature is 0 degrees C
Info (21077): High junction temperature is 85 degrees C
Critical Warning (332012): Synopsys Design Constraints File file not found: 'control_unit_tx.sdc'. A Synopsys Design Constraints File is required by the Timing Analyzer to get proper timing constraints. Without it, the Compiler will not properly optimize the design.
Info (332142): No user constrained generated clocks found in the design. Calling "derive_pll_clocks -create_base_clocks"
Info (332110): Deriving PLL clocks
    Info (332110): create_clock -period 20.000 -waveform {0.000 10.000} -name clock clock
    Info (332110): create_generated_clock -source {pll|ip_pll_inst|altera_pll_i|general[0].gpll~FRACTIONAL_PLL|refclkin} -divide_by 7 -multiply_by 48 -duty_cycle 50.00 -name {pll|ip_pll_inst|altera_pll_i|general[0].gpll~FRACTIONAL_PLL|vcoph[0]} {pll|ip_pll_inst|altera_pll_i|general[0].gpll~FRACTIONAL_PLL|vcoph[0]}
    Info (332110): create_generated_clock -source {pll|ip_pll_inst|altera_pll_i|general[0].gpll~PLL_OUTPUT_COUNTER|vco0ph[0]} -divide_by 186 -duty_cycle 50.00 -name {pll|ip_pll_inst|altera_pll_i|general[0].gpll~PLL_OUTPUT_COUNTER|divclk} {pll|ip_pll_inst|altera_pll_i|general[0].gpll~PLL_OUTPUT_COUNTER|divclk}
Info (332142): No user constrained base clocks found in the design. Calling "derive_clocks -period 1.0"
Info (332105): Deriving Clocks
    Info (332105): create_clock -period 1.000 -name baud_rate_generator:BGR|out_clock baud_rate_generator:BGR|out_clock
    Info (332105): create_clock -period 1.000 -name baud_rate_generator:super|out_clock baud_rate_generator:super|out_clock
Info (332097): The following timing edges are non-unate.  The Timing Analyzer will assume pos-unate behavior for these edges in the clock network.
    Info (332098): Cell: pll|ip_pll_inst|altera_pll_i|general[0].gpll~FRACTIONAL_PLL  from: refclkin  to: fbclk
    Info (332098): Cell: pll|ip_pll_inst|altera_pll_i|general[0].gpll~PLL_OUTPUT_COUNTER  from: vco0ph[0]  to: divclk
    Info (332098): Cell: pll|ip_pll_inst|altera_pll_i|general[0].gpll~PLL_REFCLK_SELECT  from: clkin[0]  to: clkout
Info (332143): No user constrained clock uncertainty found in the design. Calling "derive_clock_uncertainty"
Info (332123): Deriving Clock Uncertainty. Please refer to report_sdc in the Timing Analyzer to see clock uncertainties.
Info: Found TIMING_ANALYZER_REPORT_SCRIPT_INCLUDE_DEFAULT_ANALYSIS = ON
Info: Analyzing Slow 1100mV 85C Model
Critical Warning (332148): Timing requirements not met
    Info (11105): For recommendations on closing timing, run Report Timing Closure Recommendations in the Timing Analyzer.
Info (332146): Worst-case setup slack is -4.377
    Info (332119):     Slack       End Point TNS Clock 
    Info (332119): ========= =================== =====================
    Info (332119):    -4.377              -4.377 pll|ip_pll_inst|altera_pll_i|general[0].gpll~PLL_OUTPUT_COUNTER|divclk 
    Info (332119):    -2.920             -63.330 baud_rate_generator:BGR|out_clock 
    Info (332119):    -2.518             -45.858 baud_rate_generator:super|out_clock 
Info (332146): Worst-case hold slack is 0.287
    Info (332119):     Slack       End Point TNS Clock 
    Info (332119): ========= =================== =====================
    Info (332119):     0.287               0.000 baud_rate_generator:BGR|out_clock 
    Info (332119):     0.452               0.000 pll|ip_pll_inst|altera_pll_i|general[0].gpll~PLL_OUTPUT_COUNTER|divclk 
    Info (332119):     0.475               0.000 baud_rate_generator:super|out_clock 
Info (332146): Worst-case recovery slack is -1.440
    Info (332119):     Slack       End Point TNS Clock 
    Info (332119): ========= =================== =====================
    Info (332119):    -1.440             -10.066 baud_rate_generator:super|out_clock 
Info (332146): Worst-case removal slack is 0.755
    Info (332119):     Slack       End Point TNS Clock 
    Info (332119): ========= =================== =====================
    Info (332119):     0.755               0.000 baud_rate_generator:super|out_clock 
Info (332146): Worst-case minimum pulse width slack is -0.538
    Info (332119):     Slack       End Point TNS Clock 
    Info (332119): ========= =================== =====================
    Info (332119):    -0.538             -21.436 baud_rate_generator:super|out_clock 
    Info (332119):    -0.538             -20.019 baud_rate_generator:BGR|out_clock 
    Info (332119):     1.458               0.000 pll|ip_pll_inst|altera_pll_i|general[0].gpll~FRACTIONAL_PLL|vcoph[0] 
    Info (332119):     9.949               0.000 clock 
    Info (332119):   270.566               0.000 pll|ip_pll_inst|altera_pll_i|general[0].gpll~PLL_OUTPUT_COUNTER|divclk 
Info: Analyzing Slow 1100mV 0C Model
Info (334003): Started post-fitting delay annotation
Info (334004): Delay annotation completed successfully
Info (332097): The following timing edges are non-unate.  The Timing Analyzer will assume pos-unate behavior for these edges in the clock network.
    Info (332098): Cell: pll|ip_pll_inst|altera_pll_i|general[0].gpll~FRACTIONAL_PLL  from: refclkin  to: fbclk
    Info (332098): Cell: pll|ip_pll_inst|altera_pll_i|general[0].gpll~PLL_OUTPUT_COUNTER  from: vco0ph[0]  to: divclk
    Info (332098): Cell: pll|ip_pll_inst|altera_pll_i|general[0].gpll~PLL_REFCLK_SELECT  from: clkin[0]  to: clkout
Info (332123): Deriving Clock Uncertainty. Please refer to report_sdc in the Timing Analyzer to see clock uncertainties.
Critical Warning (332148): Timing requirements not met
    Info (11105): For recommendations on closing timing, run Report Timing Closure Recommendations in the Timing Analyzer.
Info (332146): Worst-case setup slack is -3.826
    Info (332119):     Slack       End Point TNS Clock 
    Info (332119): ========= =================== =====================
    Info (332119):    -3.826              -3.826 pll|ip_pll_inst|altera_pll_i|general[0].gpll~PLL_OUTPUT_COUNTER|divclk 
    Info (332119):    -2.895             -62.630 baud_rate_generator:BGR|out_clock 
    Info (332119):    -2.577             -45.205 baud_rate_generator:super|out_clock 
Info (332146): Worst-case hold slack is -0.019
    Info (332119):     Slack       End Point TNS Clock 
    Info (332119): ========= =================== =====================
    Info (332119):    -0.019              -0.019 pll|ip_pll_inst|altera_pll_i|general[0].gpll~PLL_OUTPUT_COUNTER|divclk 
    Info (332119):     0.377               0.000 baud_rate_generator:BGR|out_clock 
    Info (332119):     0.487               0.000 baud_rate_generator:super|out_clock 
Info (332146): Worst-case recovery slack is -1.257
    Info (332119):     Slack       End Point TNS Clock 
    Info (332119): ========= =================== =====================
    Info (332119):    -1.257              -8.781 baud_rate_generator:super|out_clock 
Info (332146): Worst-case removal slack is 0.700
    Info (332119):     Slack       End Point TNS Clock 
    Info (332119): ========= =================== =====================
    Info (332119):     0.700               0.000 baud_rate_generator:super|out_clock 
Info (332146): Worst-case minimum pulse width slack is -0.538
    Info (332119):     Slack       End Point TNS Clock 
    Info (332119): ========= =================== =====================
    Info (332119):    -0.538             -21.431 baud_rate_generator:super|out_clock 
    Info (332119):    -0.538             -18.657 baud_rate_generator:BGR|out_clock 
    Info (332119):     1.458               0.000 pll|ip_pll_inst|altera_pll_i|general[0].gpll~FRACTIONAL_PLL|vcoph[0] 
    Info (332119):     9.980               0.000 clock 
    Info (332119):   270.471               0.000 pll|ip_pll_inst|altera_pll_i|general[0].gpll~PLL_OUTPUT_COUNTER|divclk 
Info: Analyzing Fast 1100mV 85C Model
Info (334003): Started post-fitting delay annotation
Info (334004): Delay annotation completed successfully
Info (332097): The following timing edges are non-unate.  The Timing Analyzer will assume pos-unate behavior for these edges in the clock network.
    Info (332098): Cell: pll|ip_pll_inst|altera_pll_i|general[0].gpll~FRACTIONAL_PLL  from: refclkin  to: fbclk
    Info (332098): Cell: pll|ip_pll_inst|altera_pll_i|general[0].gpll~PLL_OUTPUT_COUNTER  from: vco0ph[0]  to: divclk
    Info (332098): Cell: pll|ip_pll_inst|altera_pll_i|general[0].gpll~PLL_REFCLK_SELECT  from: clkin[0]  to: clkout
Info (332123): Deriving Clock Uncertainty. Please refer to report_sdc in the Timing Analyzer to see clock uncertainties.
Critical Warning (332148): Timing requirements not met
    Info (11105): For recommendations on closing timing, run Report Timing Closure Recommendations in the Timing Analyzer.
Info (332146): Worst-case setup slack is -3.048
    Info (332119):     Slack       End Point TNS Clock 
    Info (332119): ========= =================== =====================
    Info (332119):    -3.048              -3.048 pll|ip_pll_inst|altera_pll_i|general[0].gpll~PLL_OUTPUT_COUNTER|divclk 
    Info (332119):    -1.204             -16.646 baud_rate_generator:super|out_clock 
    Info (332119):    -1.064             -19.150 baud_rate_generator:BGR|out_clock 
Info (332146): Worst-case hold slack is 0.121
    Info (332119):     Slack       End Point TNS Clock 
    Info (332119): ========= =================== =====================
    Info (332119):     0.121               0.000 baud_rate_generator:BGR|out_clock 
    Info (332119):     0.125               0.000 baud_rate_generator:super|out_clock 
    Info (332119):     0.204               0.000 pll|ip_pll_inst|altera_pll_i|general[0].gpll~PLL_OUTPUT_COUNTER|divclk 
Info (332146): Worst-case recovery slack is -0.484
    Info (332119):     Slack       End Point TNS Clock 
    Info (332119): ========= =================== =====================
    Info (332119):    -0.484              -3.386 baud_rate_generator:super|out_clock 
Info (332146): Worst-case removal slack is 0.280
    Info (332119):     Slack       End Point TNS Clock 
    Info (332119): ========= =================== =====================
    Info (332119):     0.280               0.000 baud_rate_generator:super|out_clock 
Info (332146): Worst-case minimum pulse width slack is 0.006
    Info (332119):     Slack       End Point TNS Clock 
    Info (332119): ========= =================== =====================
    Info (332119):     0.006               0.000 baud_rate_generator:super|out_clock 
    Info (332119):     0.117               0.000 baud_rate_generator:BGR|out_clock 
    Info (332119):     1.458               0.000 pll|ip_pll_inst|altera_pll_i|general[0].gpll~FRACTIONAL_PLL|vcoph[0] 
    Info (332119):     9.643               0.000 clock 
    Info (332119):   270.813               0.000 pll|ip_pll_inst|altera_pll_i|general[0].gpll~PLL_OUTPUT_COUNTER|divclk 
Info: Analyzing Fast 1100mV 0C Model
Info (332097): The following timing edges are non-unate.  The Timing Analyzer will assume pos-unate behavior for these edges in the clock network.
    Info (332098): Cell: pll|ip_pll_inst|altera_pll_i|general[0].gpll~FRACTIONAL_PLL  from: refclkin  to: fbclk
    Info (332098): Cell: pll|ip_pll_inst|altera_pll_i|general[0].gpll~PLL_OUTPUT_COUNTER  from: vco0ph[0]  to: divclk
    Info (332098): Cell: pll|ip_pll_inst|altera_pll_i|general[0].gpll~PLL_REFCLK_SELECT  from: clkin[0]  to: clkout
Info (332123): Deriving Clock Uncertainty. Please refer to report_sdc in the Timing Analyzer to see clock uncertainties.
Critical Warning (332148): Timing requirements not met
    Info (11105): For recommendations on closing timing, run Report Timing Closure Recommendations in the Timing Analyzer.
Info (332146): Worst-case setup slack is -2.217
    Info (332119):     Slack       End Point TNS Clock 
    Info (332119): ========= =================== =====================
    Info (332119):    -2.217              -2.217 pll|ip_pll_inst|altera_pll_i|general[0].gpll~PLL_OUTPUT_COUNTER|divclk 
    Info (332119):    -1.107             -14.312 baud_rate_generator:super|out_clock 
    Info (332119):    -0.913             -16.725 baud_rate_generator:BGR|out_clock 
Info (332146): Worst-case hold slack is -0.023
    Info (332119):     Slack       End Point TNS Clock 
    Info (332119): ========= =================== =====================
    Info (332119):    -0.023              -0.023 pll|ip_pll_inst|altera_pll_i|general[0].gpll~PLL_OUTPUT_COUNTER|divclk 
    Info (332119):     0.120               0.000 baud_rate_generator:BGR|out_clock 
    Info (332119):     0.133               0.000 baud_rate_generator:super|out_clock 
Info (332146): Worst-case recovery slack is -0.425
    Info (332119):     Slack       End Point TNS Clock 
    Info (332119): ========= =================== =====================
    Info (332119):    -0.425              -2.970 baud_rate_generator:super|out_clock 
Info (332146): Worst-case removal slack is 0.261
    Info (332119):     Slack       End Point TNS Clock 
    Info (332119): ========= =================== =====================
    Info (332119):     0.261               0.000 baud_rate_generator:super|out_clock 
Info (332146): Worst-case minimum pulse width slack is 0.038
    Info (332119):     Slack       End Point TNS Clock 
    Info (332119): ========= =================== =====================
    Info (332119):     0.038               0.000 baud_rate_generator:super|out_clock 
    Info (332119):     0.140               0.000 baud_rate_generator:BGR|out_clock 
    Info (332119):     1.458               0.000 pll|ip_pll_inst|altera_pll_i|general[0].gpll~FRACTIONAL_PLL|vcoph[0] 
    Info (332119):     9.632               0.000 clock 
    Info (332119):   270.804               0.000 pll|ip_pll_inst|altera_pll_i|general[0].gpll~PLL_OUTPUT_COUNTER|divclk 
Info (332102): Design is not fully constrained for setup requirements
Info (332102): Design is not fully constrained for hold requirements
Info: Quartus Prime Timing Analyzer was successful. 0 errors, 6 warnings
    Info: Peak virtual memory: 5143 megabytes
    Info: Processing ended: Thu Apr 10 12:06:02 2025
    Info: Elapsed time: 00:00:07
    Info: Total CPU time (on all processors): 00:00:07


